[     480ms] [INFO] %cDownload the React DevTools for a better development experience: https://react.dev/link/react-devtools font-weight:bold @ http://localhost:4173/node_modules/.vite/deps/react-dom_client.js?v=15df7f99:20102
[    6660ms] [INFO] %cDownload the React DevTools for a better development experience: https://react.dev/link/react-devtools font-weight:bold @ http://localhost:4173/node_modules/.vite/deps/react-dom_client.js?v=15df7f99:20102
[    7440ms] [INFO] %cDownload the React DevTools for a better development experience: https://react.dev/link/react-devtools font-weight:bold @ http://localhost:4173/node_modules/.vite/deps/react-dom_client.js?v=15df7f99:20102
[    8249ms] [INFO] %cDownload the React DevTools for a better development experience: https://react.dev/link/react-devtools font-weight:bold @ http://localhost:4173/node_modules/.vite/deps/react-dom_client.js?v=15df7f99:20102
[    9028ms] [INFO] %cDownload the React DevTools for a better development experience: https://react.dev/link/react-devtools font-weight:bold @ http://localhost:4173/node_modules/.vite/deps/react-dom_client.js?v=15df7f99:20102
[    9835ms] [INFO] %cDownload the React DevTools for a better development experience: https://react.dev/link/react-devtools font-weight:bold @ http://localhost:4173/node_modules/.vite/deps/react-dom_client.js?v=15df7f99:20102
[   10624ms] [INFO] %cDownload the React DevTools for a better development experience: https://react.dev/link/react-devtools font-weight:bold @ http://localhost:4173/node_modules/.vite/deps/react-dom_client.js?v=15df7f99:20102
[   11424ms] [INFO] %cDownload the React DevTools for a better development experience: https://react.dev/link/react-devtools font-weight:bold @ http://localhost:4173/node_modules/.vite/deps/react-dom_client.js?v=15df7f99:20102
[  110437ms] [LOG] [vite] server connection lost. Polling for restart... @ http://localhost:4173/@vite/client:864
[  115287ms] [ERROR] Failed to load resource: the server responded with a status of 504 (Outdated Optimize Dep) @ http://localhost:4173/node_modules/.vite/deps/react-dom_client.js?v=dcd918cb:0
[  115296ms] Failed to fetch dynamically imported module: http://localhost:4173/node_modules/@react-router/dev/dist/config/defaults/entry.client.tsx
[  115292ms] [ERROR] Failed to load resource: the server responded with a status of 504 (Outdated Optimize Dep) @ http://localhost:4173/node_modules/.vite/deps/react-router_dom.js?v=dcd918cb:0
[  794003ms] [INFO] %cDownload the React DevTools for a better development experience: https://react.dev/link/react-devtools font-weight:bold @ http://localhost:4173/node_modules/.vite/deps/react-dom_client.js?v=88c38418:20102
[  809214ms] [INFO] %cDownload the React DevTools for a better development experience: https://react.dev/link/react-devtools font-weight:bold @ http://localhost:4173/node_modules/.vite/deps/react-dom_client.js?v=88c38418:20102
[  809857ms] [INFO] %cDownload the React DevTools for a better development experience: https://react.dev/link/react-devtools font-weight:bold @ http://localhost:4173/node_modules/.vite/deps/react-dom_client.js?v=88c38418:20102
[  810446ms] [INFO] %cDownload the React DevTools for a better development experience: https://react.dev/link/react-devtools font-weight:bold @ http://localhost:4173/node_modules/.vite/deps/react-dom_client.js?v=88c38418:20102
[  810975ms] [INFO] %cDownload the React DevTools for a better development experience: https://react.dev/link/react-devtools font-weight:bold @ http://localhost:4173/node_modules/.vite/deps/react-dom_client.js?v=88c38418:20102
[  811492ms] [INFO] %cDownload the React DevTools for a better development experience: https://react.dev/link/react-devtools font-weight:bold @ http://localhost:4173/node_modules/.vite/deps/react-dom_client.js?v=88c38418:20102
[  812022ms] [INFO] %cDownload the React DevTools for a better development experience: https://react.dev/link/react-devtools font-weight:bold @ http://localhost:4173/node_modules/.vite/deps/react-dom_client.js?v=88c38418:20102
[  812541ms] [INFO] %cDownload the React DevTools for a better development experience: https://react.dev/link/react-devtools font-weight:bold @ http://localhost:4173/node_modules/.vite/deps/react-dom_client.js?v=88c38418:20102
[  813289ms] [INFO] %cDownload the React DevTools for a better development experience: https://react.dev/link/react-devtools font-weight:bold @ http://localhost:4173/node_modules/.vite/deps/react-dom_client.js?v=88c38418:20102
[  813891ms] [INFO] %cDownload the React DevTools for a better development experience: https://react.dev/link/react-devtools font-weight:bold @ http://localhost:4173/node_modules/.vite/deps/react-dom_client.js?v=88c38418:20102
[  814634ms] [INFO] %cDownload the React DevTools for a better development experience: https://react.dev/link/react-devtools font-weight:bold @ http://localhost:4173/node_modules/.vite/deps/react-dom_client.js?v=88c38418:20102
[  815227ms] [INFO] %cDownload the React DevTools for a better development experience: https://react.dev/link/react-devtools font-weight:bold @ http://localhost:4173/node_modules/.vite/deps/react-dom_client.js?v=88c38418:20102
[  815876ms] [INFO] %cDownload the React DevTools for a better development experience: https://react.dev/link/react-devtools font-weight:bold @ http://localhost:4173/node_modules/.vite/deps/react-dom_client.js?v=88c38418:20102
[  816539ms] [INFO] %cDownload the React DevTools for a better development experience: https://react.dev/link/react-devtools font-weight:bold @ http://localhost:4173/node_modules/.vite/deps/react-dom_client.js?v=88c38418:20102
[  817203ms] [INFO] %cDownload the React DevTools for a better development experience: https://react.dev/link/react-devtools font-weight:bold @ http://localhost:4173/node_modules/.vite/deps/react-dom_client.js?v=88c38418:20102
[  817840ms] [INFO] %cDownload the React DevTools for a better development experience: https://react.dev/link/react-devtools font-weight:bold @ http://localhost:4173/node_modules/.vite/deps/react-dom_client.js?v=88c38418:20102
[  818501ms] [INFO] %cDownload the React DevTools for a better development experience: https://react.dev/link/react-devtools font-weight:bold @ http://localhost:4173/node_modules/.vite/deps/react-dom_client.js?v=88c38418:20102
[  819141ms] [INFO] %cDownload the React DevTools for a better development experience: https://react.dev/link/react-devtools font-weight:bold @ http://localhost:4173/node_modules/.vite/deps/react-dom_client.js?v=88c38418:20102
[  819791ms] [INFO] %cDownload the React DevTools for a better development experience: https://react.dev/link/react-devtools font-weight:bold @ http://localhost:4173/node_modules/.vite/deps/react-dom_client.js?v=88c38418:20102
[  820487ms] [INFO] %cDownload the React DevTools for a better development experience: https://react.dev/link/react-devtools font-weight:bold @ http://localhost:4173/node_modules/.vite/deps/react-dom_client.js?v=88c38418:20102
[  821138ms] [INFO] %cDownload the React DevTools for a better development experience: https://react.dev/link/react-devtools font-weight:bold @ http://localhost:4173/node_modules/.vite/deps/react-dom_client.js?v=88c38418:20102
[  821813ms] [INFO] %cDownload the React DevTools for a better development experience: https://react.dev/link/react-devtools font-weight:bold @ http://localhost:4173/node_modules/.vite/deps/react-dom_client.js?v=88c38418:20102
[  822486ms] [INFO] %cDownload the React DevTools for a better development experience: https://react.dev/link/react-devtools font-weight:bold @ http://localhost:4173/node_modules/.vite/deps/react-dom_client.js?v=88c38418:20102
[  823073ms] [INFO] %cDownload the React DevTools for a better development experience: https://react.dev/link/react-devtools font-weight:bold @ http://localhost:4173/node_modules/.vite/deps/react-dom_client.js?v=88c38418:20102
[  823727ms] [INFO] %cDownload the React DevTools for a better development experience: https://react.dev/link/react-devtools font-weight:bold @ http://localhost:4173/node_modules/.vite/deps/react-dom_client.js?v=88c38418:20102
[  824409ms] [INFO] %cDownload the React DevTools for a better development experience: https://react.dev/link/react-devtools font-weight:bold @ http://localhost:4173/node_modules/.vite/deps/react-dom_client.js?v=88c38418:20102
[  825070ms] [INFO] %cDownload the React DevTools for a better development experience: https://react.dev/link/react-devtools font-weight:bold @ http://localhost:4173/node_modules/.vite/deps/react-dom_client.js?v=88c38418:20102
[  825706ms] [INFO] %cDownload the React DevTools for a better development experience: https://react.dev/link/react-devtools font-weight:bold @ http://localhost:4173/node_modules/.vite/deps/react-dom_client.js?v=88c38418:20102
